Microchip MPLAB XC8 Compiler V2.31

Linker command line:

-W-3 --edf=C:\Program Files\Microchip\xc8\v2.31\pic\dat\en_msgs.txt -cn \
  -h+dist/default/production\Lab02.X.production.sym \
  --cmf=dist/default/production\Lab02.X.production.cmf -z -Q16F887 \
  -oC:\Users\vaneg\AppData\Local\Temp\spn4.2 --defsym=__MPLAB_BUILD=1 \
  -Mdist/default/production/Lab02.X.production.map -E1 -ver=XC8 Compiler \
  --acfsm=1493 -ASTACK=0110h-016Fh -pstack=STACK -ACODE=00h-07FFhx4 \
  -ASTRCODE=00h-01FFFh -ASTRING=00h-0FFhx32 -ACONST=00h-0FFhx32 \
  -AENTRY=00h-0FFhx32 -ACOMMON=070h-07Fh -ABANK0=020h-06Fh \
  -ABANK1=0A0h-0EFh -ABANK2=0110h-016Fh -ABANK3=0190h-01EFh \
  -ARAM=020h-06Fh,0A0h-0EFh,0110h-016Fh,0190h-01EFh \
  -AABS1=020h-07Fh,0A0h-0EFh,0110h-016Fh,0190h-01EFh -ASFR0=00h-01Fh \
  -ASFR1=080h-09Fh -ASFR2=0100h-010Fh -ASFR3=0180h-018Fh \
  -ACONFIG=02007h-02008h -DCONFIG=2 -AIDLOC=02000h-02003h -DIDLOC=2 \
  -AEEDATA=00h-0FFh/02100h -peeprom_data=EEDATA -DEEDATA=2 -DCODE=2 \
  -DSTRCODE=2 -DSTRING=2 -DCONST=2 -DENTRY=2 \
  -preset_vec=00h,intentry=04h,init,end_init -ppowerup=CODE -pcinit=CODE \
  -pfunctab=ENTRY -k C:\Users\vaneg\AppData\Local\Temp\spn4.o \
  dist/default/production\Lab02.X.production.o 

Object code version is 3.11

Machine type is 16F887



                Name                               Link     Load   Length Selector   Space Scale
C:\Users\vaneg\AppData\Local\Temp\spn4.o
                end_init                              E        E        3        8       0
                reset_vec                             0        0        3        0       0
                config                             2007     2007        2        0       4
dist/default/production\Lab02.X.production.o
                cinit                                11       11       12        8       0
                intentry                              4        4        A        8       0
                config                             2007     2007        2        0       4
                text27                              A17      A17       13     142E       0
                text26                              9E9      9E9        E     13D2       0
                text25                              E59      E59       8A     1CB2       0
                text24                              A6C      A6C       1A     14D8       0
                text23                              B3E      B3E       4B     167C       0
                text22                              AAA      AAA       25     1554       0
                text21                              A2A      A2A       15     1454       0
                text20                              AF8      AF8       46     15F0       0
                text19                              C99      C99       68     1932       0
                text18                              D6A      D6A       73     1AD4       0
                text17                              9D6      9D6        7     13AC       0
                text16                              9F7      9F7        E     13EE       0
                text15                              9DD      9DD        C     13BA       0
                text14                              B89      B89       57     1712       0
                text13                              ACF      ACF       29     159E       0
                text12                               23       23      361        8       0
                text11                              384      384      290        8       0
                text10                              A86      A86       24     150C       0
                text9                               DDD      DDD       7C     1BBA       0
                text8                               740      740       BC        8       0
                text7                               614      614      12C        8       0
                text6                               A05      A05       12     140A       0
                text5                               D01      D01       69     1A02       0
                text4                               BE0      BE0       5B     17C0       0
                text3                               A3F      A3F       15     147E       0
                text2                               C3B      C3B       5E     1876       0
                text1                               A54      A54       18     14A8       0
                maintext                            EE3      EE3      11D     1DC6       0
                cstackBANK0                          20       20       3B       20       1
                cstackCOMMON                         70       70        9       70       1
                bssBANK0                             5B       5B        C       20       1
                strings                             800      800       27     1000       0

TOTAL           Name                               Link     Load   Length     Space
        CLASS   STACK          

        CLASS   CODE           
                end_init                              E        E        3         0
                cinit                                11       11       12         0
                intentry                              4        4        A         0
                reset_vec                             0        0        3         0
                text27                              A17      A17       13         0
                text26                              9E9      9E9        E         0
                text25                              E59      E59       8A         0
                text24                              A6C      A6C       1A         0
                text23                              B3E      B3E       4B         0
                text22                              AAA      AAA       25         0
                text21                              A2A      A2A       15         0
                text20                              AF8      AF8       46         0
                text19                              C99      C99       68         0
                text18                              D6A      D6A       73         0
                text17                              9D6      9D6        7         0
                text16                              9F7      9F7        E         0
                text15                              9DD      9DD        C         0
                text14                              B89      B89       57         0
                text13                              ACF      ACF       29         0
                text12                               23       23      361         0
                text11                              384      384      290         0
                text10                              A86      A86       24         0
                text9                               DDD      DDD       7C         0
                text8                               740      740       BC         0
                text7                               614      614      12C         0
                text6                               A05      A05       12         0
                text5                               D01      D01       69         0
                text4                               BE0      BE0       5B         0
                text3                               A3F      A3F       15         0
                text2                               C3B      C3B       5E         0
                text1                               A54      A54       18         0
                maintext                            EE3      EE3      11D         0

        CLASS   STRCODE        

        CLASS   STRING         
                strings                             800      800       27         0

        CLASS   CONST          

        CLASS   ENTRY          

        CLASS   COMMON         
                cstackCOMMON                         70       70        9         1

        CLASS   BANK0          
                cstackBANK0                          20       20       3B         1
                bssBANK0                             5B       5B        C         1

        CLASS   BANK1          

        CLASS   BANK2          

        CLASS   BANK3          

        CLASS   RAM            

        CLASS   ABS1           
                abs_s1                               7E       7E        2         1

        CLASS   SFR0           

        CLASS   SFR1           

        CLASS   SFR2           

        CLASS   SFR3           

        CLASS   CONFIG         
                config                             2007     2007        2         4

        CLASS   IDLOC          

        CLASS   EEDATA         



SEGMENTS        Name                           Load    Length   Top    Selector   Space  Class     Delta

                reset_vec                      000000  000003  000003         0       0  CODE        2
                intentry                       000004  0007F8  0007FC         8       0  CODE        2
                cstackBANK0                    000020  000047  000067        20       1  BANK0       1
                cstackCOMMON                   000070  000009  000079        70       1  COMMON      1
                strings                        000800  000027  000827      1000       0  STRING      2
                text17                         0009D6  000007  0009DD      13AC       0  CODE        2
                text15                         0009DD  00000C  0009E9      13BA       0  CODE        2
                text26                         0009E9  00000E  0009F7      13D2       0  CODE        2
                text16                         0009F7  00000E  000A05      13EE       0  CODE        2
                text6                          000A05  000012  000A17      140A       0  CODE        2
                text27                         000A17  000013  000A2A      142E       0  CODE        2
                text21                         000A2A  000015  000A3F      1454       0  CODE        2
                text3                          000A3F  000015  000A54      147E       0  CODE        2
                text1                          000A54  000018  000A6C      14A8       0  CODE        2
                text24                         000A6C  00001A  000A86      14D8       0  CODE        2
                text10                         000A86  000024  000AAA      150C       0  CODE        2
                text22                         000AAA  000025  000ACF      1554       0  CODE        2
                text13                         000ACF  000029  000AF8      159E       0  CODE        2
                text20                         000AF8  000046  000B3E      15F0       0  CODE        2
                text23                         000B3E  00004B  000B89      167C       0  CODE        2
                text14                         000B89  000057  000BE0      1712       0  CODE        2
                text4                          000BE0  00005B  000C3B      17C0       0  CODE        2
                text2                          000C3B  00005E  000C99      1876       0  CODE        2
                text19                         000C99  000068  000D01      1932       0  CODE        2
                text5                          000D01  000069  000D6A      1A02       0  CODE        2
                text18                         000D6A  000073  000DDD      1AD4       0  CODE        2
                text9                          000DDD  00007C  000E59      1BBA       0  CODE        2
                text25                         000E59  00008A  000EE3      1CB2       0  CODE        2
                maintext                       000EE3  00011D  001000      1DC6       0  CODE        2


UNUSED ADDRESS RANGES

        Name                Unused          Largest block    Delta
        BANK0            0067-006F              9           1
        BANK1            00A0-00EF             50           1
        BANK2            0110-016F             60           1
        BANK3            0190-01EF             60           1
        CODE             0003-0003              1           2
                         07FC-07FF              4
                         0827-09D5            1AF
                         1000-1FFF            800
        COMMON           0079-007D              5           1
        CONST            0003-0003              1           2
                         07FC-07FF              4
                         0827-09D5             D9
                         1000-1FFF            100
        EEDATA           2100-21FF            100           2
        ENTRY            0003-0003              1           2
                         07FC-07FF              4
                         0827-09D5             D9
                         1000-1FFF            100
        IDLOC            2000-2003              4           2
        RAM              0067-006F              9           1
                         00A0-00EF             50
                         0110-016F             60
                         0190-01EF             60
        SFR0             0000-001F             20           1
        SFR1             0080-009F             20           1
        SFR2             0100-010F             10           1
        SFR3             0180-018F             10           1
        STACK            0110-016F             60           1
        STRCODE          0003-0003              1           2
                         07FC-07FF              4
                         0827-09D5            1AF
                         1000-1FFF           1000
        STRING           0003-0003              1           2
                         07FC-07FF              4
                         0827-09D5             D9
                         1000-1FFF            100

                                  Symbol Table

?__Umul8_16               cstackCOMMON 0075
?___awdiv                 cstackCOMMON 0075
?___awmod                 cstackCOMMON 0075
?___fladd                 cstackBANK0  0020
?___flmul                 cstackBANK0  002A
?___flsub                 cstackBANK0  0030
?___fltol                 cstackCOMMON 0075
?___lldiv                 cstackBANK0  0020
?___xxtofl                cstackCOMMON 0075
LcdCmd@value              cstackBANK0  0020
LcdPort@value             cstackCOMMON 0076
LcdSetCursor@column       cstackBANK0  0021
LcdSetCursor@row          cstackBANK0  0024
LcdWriteChar@value        cstackCOMMON 0078
LcdWriteString@i          cstackBANK0  0025
LcdWriteString@value      cstackBANK0  0020
UARTInit@BRGH             cstackBANK0  0031
UARTInit@baud_rate        cstackBANK0  002D
UARTSendChar@c            cstackCOMMON 0075
UARTSendString@i          cstackBANK0  0023
UARTSendString@max_length cstackCOMMON 0078
UARTSendString@str        cstackCOMMON 0076
_ADCON0bits               (abs)        001F
_ADCON1bits               (abs)        009F
_ADC_VALUE                bssBANK0     005B
_ADRESH                   (abs)        001E
_ANSEL                    (abs)        0188
_ANSELH                   (abs)        0189
_INTCONbits               (abs)        000B
_LcdCmd                   text24       0A6C
_LcdInit                  text23       0B3E
_LcdPort                  text25       0E59
_LcdSetCursor             text22       0AAA
_LcdWriteChar             text21       0A2A
_LcdWriteString           text20       0AF8
_PIE1bits                 (abs)        008C
_PIR1bits                 (abs)        000C
_RCREG                    (abs)        001A
_RCSTAbits                (abs)        0018
_RD0                      (abs)        0040
_RD1                      (abs)        0041
_RD2                      (abs)        0042
_RD3                      (abs)        0043
_RD4                      (abs)        0044
_RD5                      (abs)        0045
_RD6                      (abs)        0046
_RD7                      (abs)        0047
_RE0                      (abs)        0048
_RE2                      (abs)        004A
_SPBRG                    (abs)        0099
_TRISCbits                (abs)        0087
_TRISD                    (abs)        0088
_TRISE                    (abs)        0089
_TXREG                    (abs)        0019
_TXSTAbits                (abs)        0098
_UARTDataReady            text17       09D6
_UARTInit                 text18       0D6A
_UARTReadChar             text16       09F7
_UARTSendChar             text15       09DD
_UARTSendString           text14       0B89
__Habs1                   abs1         0000
__Hbank0                  bank0        0000
__Hbank1                  bank1        0000
__Hbank2                  bank2        0000
__Hbank3                  bank3        0000
__HbssBANK0               bssBANK0     0000
__Hcinit                  cinit        0023
__Hclrtext                clrtext      0000
__Hcode                   code         0000
__Hcommon                 common       0000
__Hconfig                 config       2009
__HcstackBANK0            cstackBANK0  0000
__HcstackCOMMON           cstackCOMMON 0000
__Heeprom_data            eeprom_data  0000
__Hend_init               end_init     0011
__Hfunctab                functab      0000
__Hinit                   init         000E
__Hintentry               intentry     000E
__Hmaintext               maintext     0000
__Hpowerup                powerup      0000
__Hram                    ram          0000
__Hreset_vec              reset_vec    0003
__Hsfr0                   sfr0         0000
__Hsfr1                   sfr1         0000
__Hsfr2                   sfr2         0000
__Hsfr3                   sfr3         0000
__Hspace_0                (abs)        1000
__Hspace_1                (abs)        0079
__Hspace_2                (abs)        0000
__Hspace_3                (abs)        0000
__Hspace_4                (abs)        4010
__Hstack                  stack        0000
__Hstrings                strings      0000
__Htext                   text         0000
__Labs1                   abs1         0000
__Lbank0                  bank0        0000
__Lbank1                  bank1        0000
__Lbank2                  bank2        0000
__Lbank3                  bank3        0000
__LbssBANK0               bssBANK0     0000
__Lcinit                  cinit        0011
__Lclrtext                clrtext      0000
__Lcode                   code         0000
__Lcommon                 common       0000
__Lconfig                 config       0000
__LcstackBANK0            cstackBANK0  0000
__LcstackCOMMON           cstackCOMMON 0000
__Leeprom_data            eeprom_data  0000
__Lend_init               end_init     000E
__Lfunctab                functab      0000
__Linit                   init         000E
__Lintentry               intentry     0004
__Lmaintext               maintext     0000
__Lpowerup                powerup      0000
__Lram                    ram          0000
__Lreset_vec              reset_vec    0000
__Lsfr0                   sfr0         0000
__Lsfr1                   sfr1         0000
__Lsfr2                   sfr2         0000
__Lsfr3                   sfr3         0000
__Lspace_0                (abs)        0000
__Lspace_1                (abs)        0000
__Lspace_2                (abs)        0000
__Lspace_3                (abs)        0000
__Lspace_4                (abs)        0000
__Lstack                  stack        0000
__Lstrings                strings      0000
__Ltext                   text         0000
__S0                      (abs)        1000
__S1                      (abs)        0079
__S2                      (abs)        0000
__S3                      (abs)        0000
__Umul8_16                text13       0ACF
__Umul8_16@multiplicand   cstackCOMMON 0075
__Umul8_16@multiplier     cstackBANK0  0024
__Umul8_16@product        cstackBANK0  0020
__Umul8_16@word_mpld      cstackBANK0  0022
___awdiv                  text5        0D01
___awdiv@counter          cstackBANK0  0021
___awdiv@dividend         cstackCOMMON 0077
___awdiv@divisor          cstackCOMMON 0075
___awdiv@quotient         cstackBANK0  0023
___awdiv@sign             cstackBANK0  0022
___awmod                  text4        0BE0
___awmod@counter          cstackBANK0  0021
___awmod@dividend         cstackCOMMON 0077
___awmod@divisor          cstackCOMMON 0075
___awmod@sign             cstackBANK0  0022
___bmul                   text3        0A3F
___bmul@multiplicand      cstackCOMMON 0075
___bmul@multiplier        cstackCOMMON 0078
___bmul@product           cstackCOMMON 0077
___fladd                  text11       0384
___fladd@a                cstackBANK0  0024
___fladd@aexp             cstackCOMMON 0076
___fladd@b                cstackBANK0  0020
___fladd@bexp             cstackCOMMON 0077
___fladd@grs              cstackCOMMON 0078
___fladd@signs            cstackCOMMON 0075
___flmul                  text12       0023
___flmul@a                cstackBANK0  002E
___flmul@aexp             cstackBANK0  003C
___flmul@b                cstackBANK0  002A
___flmul@bexp             cstackBANK0  003D
___flmul@grs              cstackBANK0  0038
___flmul@prod             cstackBANK0  003E
___flmul@sign             cstackBANK0  0037
___flmul@temp             cstackBANK0  0042
___flsub                  text10       0A86
___flsub@a                cstackBANK0  0030
___flsub@b                cstackBANK0  0034
___fltol                  text9        0DDD
___fltol@exp1             cstackBANK0  0026
___fltol@f1               cstackCOMMON 0075
___fltol@sign1            cstackBANK0  0025
___int_sp                 stack        0000
___latbits                (abs)        0002
___lldiv                  text19       0C99
___lldiv@counter          cstackBANK0  002C
___lldiv@dividend         cstackBANK0  0024
___lldiv@divisor          cstackBANK0  0020
___lldiv@quotient         cstackBANK0  0028
___sp                     stack        0000
___stackhi                (abs)        0000
___stacklo                (abs)        0000
___xxtofl                 text8        0740
___xxtofl@arg             cstackBANK0  0026
___xxtofl@exp             cstackBANK0  0025
___xxtofl@sign            cstackBANK0  0024
___xxtofl@val             cstackCOMMON 0075
__end_of_LcdCmd           text24       0A86
__end_of_LcdInit          text23       0B89
__end_of_LcdPort          text25       0EE3
__end_of_LcdSetCursor     text22       0ACF
__end_of_LcdWriteChar     text21       0A3F
__end_of_LcdWriteString   text20       0B3E
__end_of_UARTDataReady    text17       09DD
__end_of_UARTInit         text18       0DDD
__end_of_UARTReadChar     text16       0A05
__end_of_UARTSendChar     text15       09E9
__end_of_UARTSendString   text14       0BE0
__end_of__Umul8_16        text13       0AF8
__end_of___awdiv          text5        0D6A
__end_of___awmod          text4        0C3B
__end_of___bmul           text3        0A54
__end_of___fladd          text11       0614
__end_of___flmul          text12       0384
__end_of___flsub          text10       0AAA
__end_of___fltol          text9        0E59
__end_of___lldiv          text19       0D01
__end_of___xxtofl         text8        07FC
__end_of__initialization  cinit        001F
__end_of__stringtab       strings      0810
__end_of_analogToString   text7        0740
__end_of_initADC          text6        0A17
__end_of_intToString      text2        0C99
__end_of_isr              text26       09F7
__end_of_isrADC           text27       0A2A
__end_of_main             maintext     1000
__end_of_readADC          text1        0A6C
__initialization          cinit        0011
__pbssBANK0               bssBANK0     005B
__pcstackBANK0            cstackBANK0  0020
__pcstackCOMMON           cstackCOMMON 0070
__pintentry               intentry     0004
__pmaintext               maintext     0EE3
__pstrings                strings      0800
__ptext1                  text1        0A54
__ptext10                 text10       0A86
__ptext11                 text11       0384
__ptext12                 text12       0023
__ptext13                 text13       0ACF
__ptext14                 text14       0B89
__ptext15                 text15       09DD
__ptext16                 text16       09F7
__ptext17                 text17       09D6
__ptext18                 text18       0D6A
__ptext19                 text19       0C99
__ptext2                  text2        0C3B
__ptext20                 text20       0AF8
__ptext21                 text21       0A2A
__ptext22                 text22       0AAA
__ptext23                 text23       0B3E
__ptext24                 text24       0A6C
__ptext25                 text25       0E59
__ptext26                 text26       09E9
__ptext27                 text27       0A17
__ptext3                  text3        0A3F
__ptext4                  text4        0BE0
__ptext5                  text5        0D01
__ptext6                  text6        0A05
__ptext7                  text7        0614
__ptext8                  text8        0740
__ptext9                  text9        0DDD
__size_of_LcdCmd          (abs)        0000
__size_of_LcdInit         (abs)        0000
__size_of_LcdPort         (abs)        0000
__size_of_LcdSetCursor    (abs)        0000
__size_of_LcdWriteChar    (abs)        0000
__size_of_LcdWriteString  (abs)        0000
__size_of_UARTDataReady   (abs)        0000
__size_of_UARTInit        (abs)        0000
__size_of_UARTReadChar    (abs)        0000
__size_of_UARTSendChar    (abs)        0000
__size_of_UARTSendString  (abs)        0000
__size_of__Umul8_16       (abs)        0000
__size_of___awdiv         (abs)        0000
__size_of___awmod         (abs)        0000
__size_of___bmul          (abs)        0000
__size_of___fladd         (abs)        0000
__size_of___flmul         (abs)        0000
__size_of___flsub         (abs)        0000
__size_of___fltol         (abs)        0000
__size_of___lldiv         (abs)        0000
__size_of___xxtofl        (abs)        0000
__size_of_analogToString  (abs)        0000
__size_of_initADC         (abs)        0000
__size_of_intToString     (abs)        0000
__size_of_isr             (abs)        0000
__size_of_isrADC          (abs)        0000
__size_of_main            (abs)        0000
__size_of_readADC         (abs)        0000
__stringbase              strings      080F
__stringtab               strings      0800
_analogToString           text7        0614
_initADC                  text6        0A05
_intToString              text2        0C3B
_isr                      text26       09E9
_isrADC                   text27       0A17
_main                     maintext     0EE3
_readADC                  text1        0A54
analogToString@entero     cstackBANK0  004E
analogToString@string     cstackBANK0  0049
analogToString@valor      cstackBANK0  004F
analogToString@value      cstackBANK0  0048
btemp                     (abs)        007E
end_of_initialization     cinit        001F
intToString@entero        cstackBANK0  002C
intToString@valor         cstackBANK0  0028
intToString@value         cstackBANK0  002D
interrupt_function        intentry     0004
intlevel0                 functab      0000
intlevel1                 functab      0000
intlevel2                 functab      0000
intlevel3                 functab      0000
intlevel4                 functab      0000
intlevel5                 functab      0000
main@adc1                 cstackBANK0  0056
main@adc2                 cstackBANK0  0057
main@contador             cstackBANK0  0058
main@contadorString       cstackBANK0  0055
main@entrada              cstackBANK0  0059
main@val                  cstackBANK0  005A
main@val2                 cstackBANK0  0054
readADC@pin               cstackCOMMON 0076
reset_vec                 reset_vec    0000
saved_w                   (abs)        007E
start                     init         000E
start_initialization      cinit        0011
wtemp0                    (abs)        007E


FUNCTION INFORMATION:

 *************** function _main *****************
 Defined at:
		line 37 in file "main.c"
 Parameters:    Size  Location     Type
		None
 Auto vars:     Size  Location     Type
  entrada         1   57[BANK0 ] unsigned char 
  val             1   58[BANK0 ] PTR volatile unsigned ch
		 -> analogToString@string(5), 
  contador        1   56[BANK0 ] unsigned char 
  adc2            1   55[BANK0 ] PTR unsigned char 
		 -> ADC_VALUE(12), 
  adc1            1   54[BANK0 ] PTR unsigned char 
		 -> ADC_VALUE(12), 
  contadorStri    1   53[BANK0 ] PTR unsigned char 
		 -> intToString@valor(4), 
  val2            1   52[BANK0 ] PTR volatile unsigned ch
		 -> analogToString@string(5), 
 Return value:  Size  Location     Type
                  2   36[None  ] int 
 Registers used:
		wreg, fsr0l, fsr0h, status,2, status,0, btemp+1, pclath, cstack
 Tracked objects:
		On entry : 
		On exit  : 
		Unchanged: 
 Data sizes:     COMMON   BANK0   BANK1   BANK3   BANK2
      Params:         0       0       0       0       0
      Locals:         0       7       0       0       0
      Temps:          0       1       0       0       0
      Totals:         0       8       0       0       0
Total ram usage:        8 bytes
 Hardware stack levels required when called:    5
 This function calls:
		_LcdInit
		_LcdSetCursor
		_LcdWriteString
		_UARTDataReady
		_UARTInit
		_UARTReadChar
		_UARTSendString
		_analogToString
		_initADC
		_intToString
		_readADC
 This function is called by:
		Startup code after reset
 This function uses a non-reentrant model


 *************** function _readADC *****************
 Defined at:
		line 47 in file "ADC.c"
 Parameters:    Size  Location     Type
  pin             1    wreg     unsigned char 
 Auto vars:     Size  Location     Type
  pin             1    6[COMMON] unsigned char 
 Return value:  Size  Location     Type
                  1    wreg      PTR unsigned char 
 Registers used:
		wreg, status,2, status,0
 Tracked objects:
		On entry : 
		On exit  : 
		Unchanged: 
 Data sizes:     COMMON   BANK0   BANK1   BANK3   BANK2
      Params:         0       0       0       0       0
      Locals:         1       0       0       0       0
      Temps:          1       0       0       0       0
      Totals:         2       0       0       0       0
Total ram usage:        2 bytes
 Hardware stack levels used:    1
 Hardware stack levels required when called:    2
 This function calls:
		Nothing
 This function is called by:
		_main
 This function uses a non-reentrant model


 *************** function _intToString *****************
 Defined at:
		line 119 in file "main.c"
 Parameters:    Size  Location     Type
  value           1    wreg     unsigned char 
 Auto vars:     Size  Location     Type
  value           1   13[BANK0 ] unsigned char 
  valor           4    8[BANK0 ] unsigned char [4]
  entero          1   12[BANK0 ] unsigned char 
 Return value:  Size  Location     Type
                  1    wreg      PTR unsigned char 
 Registers used:
		wreg, status,2, status,0, pclath, cstack
 Tracked objects:
		On entry : 
		On exit  : 
		Unchanged: 
 Data sizes:     COMMON   BANK0   BANK1   BANK3   BANK2
      Params:         0       0       0       0       0
      Locals:         0       6       0       0       0
      Temps:          0       3       0       0       0
      Totals:         0       9       0       0       0
Total ram usage:        9 bytes
 Hardware stack levels used:    1
 Hardware stack levels required when called:    3
 This function calls:
		___awdiv
		___awmod
		___bmul
 This function is called by:
		_main
 This function uses a non-reentrant model


 *************** function ___bmul *****************
 Defined at:
		line 4 in file "C:\Program Files\Microchip\xc8\v2.31\pic\sources\c90\common\Umul8.c"
 Parameters:    Size  Location     Type
  multiplier      1    wreg     unsigned char 
  multiplicand    1    5[COMMON] unsigned char 
 Auto vars:     Size  Location     Type
  multiplier      1    8[COMMON] unsigned char 
  product         1    7[COMMON] unsigned char 
 Return value:  Size  Location     Type
                  1    wreg      unsigned char 
 Registers used:
		wreg, status,2, status,0
 Tracked objects:
		On entry : 
		On exit  : 
		Unchanged: 
 Data sizes:     COMMON   BANK0   BANK1   BANK3   BANK2
      Params:         1       0       0       0       0
      Locals:         2       0       0       0       0
      Temps:          1       0       0       0       0
      Totals:         4       0       0       0       0
Total ram usage:        4 bytes
 Hardware stack levels used:    1
 Hardware stack levels required when called:    2
 This function calls:
		Nothing
 This function is called by:
		_intToString
 This function uses a non-reentrant model


 *************** function ___awmod *****************
 Defined at:
		line 5 in file "C:\Program Files\Microchip\xc8\v2.31\pic\sources\c90\common\awmod.c"
 Parameters:    Size  Location     Type
  divisor         2    5[COMMON] int 
  dividend        2    7[COMMON] int 
 Auto vars:     Size  Location     Type
  sign            1    2[BANK0 ] unsigned char 
  counter         1    1[BANK0 ] unsigned char 
 Return value:  Size  Location     Type
                  2    5[COMMON] int 
 Registers used:
		wreg, status,2, status,0
 Tracked objects:
		On entry : 
		On exit  : 
		Unchanged: 
 Data sizes:     COMMON   BANK0   BANK1   BANK3   BANK2
      Params:         4       0       0       0       0
      Locals:         0       2       0       0       0
      Temps:          0       1       0       0       0
      Totals:         4       3       0       0       0
Total ram usage:        7 bytes
 Hardware stack levels used:    1
 Hardware stack levels required when called:    2
 This function calls:
		Nothing
 This function is called by:
		_intToString
 This function uses a non-reentrant model


 *************** function ___awdiv *****************
 Defined at:
		line 5 in file "C:\Program Files\Microchip\xc8\v2.31\pic\sources\c90\common\awdiv.c"
 Parameters:    Size  Location     Type
  divisor         2    5[COMMON] int 
  dividend        2    7[COMMON] int 
 Auto vars:     Size  Location     Type
  quotient        2    3[BANK0 ] int 
  sign            1    2[BANK0 ] unsigned char 
  counter         1    1[BANK0 ] unsigned char 
 Return value:  Size  Location     Type
                  2    5[COMMON] int 
 Registers used:
		wreg, status,2, status,0
 Tracked objects:
		On entry : 
		On exit  : 
		Unchanged: 
 Data sizes:     COMMON   BANK0   BANK1   BANK3   BANK2
      Params:         4       0       0       0       0
      Locals:         0       4       0       0       0
      Temps:          0       1       0       0       0
      Totals:         4       5       0       0       0
Total ram usage:        9 bytes
 Hardware stack levels used:    1
 Hardware stack levels required when called:    2
 This function calls:
		Nothing
 This function is called by:
		_intToString
 This function uses a non-reentrant model


 *************** function _initADC *****************
 Defined at:
		line 23 in file "ADC.c"
 Parameters:    Size  Location     Type
		None
 Auto vars:     Size  Location     Type
		None
 Return value:  Size  Location     Type
                  1    wreg      void 
 Registers used:
		wreg, status,2, status,0
 Tracked objects:
		On entry : 
		On exit  : 
		Unchanged: 
 Data sizes:     COMMON   BANK0   BANK1   BANK3   BANK2
      Params:         0       0       0       0       0
      Locals:         0       0       0       0       0
      Temps:          0       0       0       0       0
      Totals:         0       0       0       0       0
Total ram usage:        0 bytes
 Hardware stack levels used:    1
 Hardware stack levels required when called:    2
 This function calls:
		Nothing
 This function is called by:
		_main
 This function uses a non-reentrant model


 *************** function _analogToString *****************
 Defined at:
		line 96 in file "main.c"
 Parameters:    Size  Location     Type
  value           1    wreg     unsigned char 
 Auto vars:     Size  Location     Type
  value           1   40[BANK0 ] unsigned char 
  string          5   41[BANK0 ] unsigned char [5]
  valor           4   47[BANK0 ] float 
  entero          1   46[BANK0 ] unsigned char 
 Return value:  Size  Location     Type
                  1    wreg      PTR unsigned char 
 Registers used:
		wreg, status,2, status,0, btemp+1, pclath, cstack
 Tracked objects:
		On entry : 
		On exit  : 
		Unchanged: 
 Data sizes:     COMMON   BANK0   BANK1   BANK3   BANK2
      Params:         0       0       0       0       0
      Locals:         0      11       0       0       0
      Temps:          0       4       0       0       0
      Totals:         0      15       0       0       0
Total ram usage:       15 bytes
 Hardware stack levels used:    1
 Hardware stack levels required when called:    4
 This function calls:
		___flmul
		___flsub
		___fltol
		___xxtofl
 This function is called by:
		_main
 This function uses a non-reentrant model


 *************** function ___xxtofl *****************
 Defined at:
		line 10 in file "C:\Program Files\Microchip\xc8\v2.31\pic\sources\c90\common\xxtofl.c"
 Parameters:    Size  Location     Type
  sign            1    wreg     unsigned char 
  val             4    5[COMMON] long 
 Auto vars:     Size  Location     Type
  sign            1    4[BANK0 ] unsigned char 
  arg             4    6[BANK0 ] unsigned long 
  exp             1    5[BANK0 ] unsigned char 
 Return value:  Size  Location     Type
                  4    5[COMMON] unsigned char 
 Registers used:
		wreg, status,2, status,0
 Tracked objects:
		On entry : 
		On exit  : 
		Unchanged: 
 Data sizes:     COMMON   BANK0   BANK1   BANK3   BANK2
      Params:         4       0       0       0       0
      Locals:         0       6       0       0       0
      Temps:          0       4       0       0       0
      Totals:         4      10       0       0       0
Total ram usage:       14 bytes
 Hardware stack levels used:    1
 Hardware stack levels required when called:    2
 This function calls:
		Nothing
 This function is called by:
		_analogToString
 This function uses a non-reentrant model


 *************** function ___fltol *****************
 Defined at:
		line 43 in file "C:\Program Files\Microchip\xc8\v2.31\pic\sources\c90\common\fltol.c"
 Parameters:    Size  Location     Type
  f1              4    5[COMMON] unsigned char 
 Auto vars:     Size  Location     Type
  exp1            1    6[BANK0 ] unsigned char 
  sign1           1    5[BANK0 ] unsigned char 
 Return value:  Size  Location     Type
                  4    5[COMMON] long 
 Registers used:
		wreg, status,2, status,0
 Tracked objects:
		On entry : 
		On exit  : 
		Unchanged: 
 Data sizes:     COMMON   BANK0   BANK1   BANK3   BANK2
      Params:         4       0       0       0       0
      Locals:         0       2       0       0       0
      Temps:          0       5       0       0       0
      Totals:         4       7       0       0       0
Total ram usage:       11 bytes
 Hardware stack levels used:    1
 Hardware stack levels required when called:    2
 This function calls:
		Nothing
 This function is called by:
		_analogToString
 This function uses a non-reentrant model


 *************** function ___flsub *****************
 Defined at:
		line 242 in file "C:\Program Files\Microchip\xc8\v2.31\pic\sources\c90\common\sprcadd.c"
 Parameters:    Size  Location     Type
  a               4   16[BANK0 ] long 
  b               4   20[BANK0 ] long 
 Auto vars:     Size  Location     Type
		None
 Return value:  Size  Location     Type
                  4   16[BANK0 ] long 
 Registers used:
		wreg, status,2, status,0, btemp+1, pclath, cstack
 Tracked objects:
		On entry : 
		On exit  : 
		Unchanged: 
 Data sizes:     COMMON   BANK0   BANK1   BANK3   BANK2
      Params:         0       8       0       0       0
      Locals:         0       0       0       0       0
      Temps:          0       0       0       0       0
      Totals:         0       8       0       0       0
Total ram usage:        8 bytes
 Hardware stack levels used:    1
 Hardware stack levels required when called:    3
 This function calls:
		___fladd
 This function is called by:
		_analogToString
 This function uses a non-reentrant model


 *************** function ___fladd *****************
 Defined at:
		line 10 in file "C:\Program Files\Microchip\xc8\v2.31\pic\sources\c90\common\sprcadd.c"
 Parameters:    Size  Location     Type
  b               4    0[BANK0 ] long 
  a               4    4[BANK0 ] long 
 Auto vars:     Size  Location     Type
  grs             1    8[COMMON] unsigned char 
  bexp            1    7[COMMON] unsigned char 
  aexp            1    6[COMMON] unsigned char 
  signs           1    5[COMMON] unsigned char 
 Return value:  Size  Location     Type
                  4    0[BANK0 ] unsigned char 
 Registers used:
		wreg, status,2, status,0, btemp+1
 Tracked objects:
		On entry : 
		On exit  : 
		Unchanged: 
 Data sizes:     COMMON   BANK0   BANK1   BANK3   BANK2
      Params:         0       8       0       0       0
      Locals:         4       0       0       0       0
      Temps:          0       8       0       0       0
      Totals:         4      16       0       0       0
Total ram usage:       20 bytes
 Hardware stack levels used:    1
 Hardware stack levels required when called:    2
 This function calls:
		Nothing
 This function is called by:
		___flsub
 This function uses a non-reentrant model


 *************** function ___flmul *****************
 Defined at:
		line 8 in file "C:\Program Files\Microchip\xc8\v2.31\pic\sources\c90\common\sprcmul.c"
 Parameters:    Size  Location     Type
  b               4   10[BANK0 ] unsigned char 
  a               4   14[BANK0 ] unsigned char 
 Auto vars:     Size  Location     Type
  prod            4   30[BANK0 ] struct .
  grs             4   24[BANK0 ] unsigned long 
  temp            2   34[BANK0 ] struct .
  bexp            1   29[BANK0 ] unsigned char 
  aexp            1   28[BANK0 ] unsigned char 
  sign            1   23[BANK0 ] unsigned char 
 Return value:  Size  Location     Type
                  4   10[BANK0 ] unsigned char 
 Registers used:
		wreg, status,2, status,0, btemp+1, pclath, cstack
 Tracked objects:
		On entry : 
		On exit  : 
		Unchanged: 
 Data sizes:     COMMON   BANK0   BANK1   BANK3   BANK2
      Params:         0       8       0       0       0
      Locals:         0      13       0       0       0
      Temps:          0       5       0       0       0
      Totals:         0      26       0       0       0
Total ram usage:       26 bytes
 Hardware stack levels used:    1
 Hardware stack levels required when called:    3
 This function calls:
		__Umul8_16
 This function is called by:
		_analogToString
 This function uses a non-reentrant model


 *************** function __Umul8_16 *****************
 Defined at:
		line 4 in file "C:\Program Files\Microchip\xc8\v2.31\pic\sources\c90\common\Umul8_16.c"
 Parameters:    Size  Location     Type
  multiplier      1    wreg     unsigned char 
  multiplicand    1    5[COMMON] unsigned char 
 Auto vars:     Size  Location     Type
  multiplier      1    4[BANK0 ] unsigned char 
  word_mpld       2    2[BANK0 ] unsigned int 
  product         2    0[BANK0 ] unsigned int 
 Return value:  Size  Location     Type
                  2    5[COMMON] unsigned int 
 Registers used:
		wreg, status,2, status,0
 Tracked objects:
		On entry : 
		On exit  : 
		Unchanged: 
 Data sizes:     COMMON   BANK0   BANK1   BANK3   BANK2
      Params:         2       0       0       0       0
      Locals:         0       5       0       0       0
      Temps:          2       0       0       0       0
      Totals:         4       5       0       0       0
Total ram usage:        9 bytes
 Hardware stack levels used:    1
 Hardware stack levels required when called:    2
 This function calls:
		Nothing
 This function is called by:
		___flmul
 This function uses a non-reentrant model


 *************** function _UARTSendString *****************
 Defined at:
		line 49 in file "USART.c"
 Parameters:    Size  Location     Type
  str             2    6[COMMON] PTR const unsigned char 
		 -> analogToString@string(5), STR_5(4), STR_3(3), 
  max_length      1    8[COMMON] const unsigned char 
 Auto vars:     Size  Location     Type
  i               2    3[BANK0 ] int 
 Return value:  Size  Location     Type
                  1    wreg      void 
 Registers used:
		wreg, fsr0l, fsr0h, status,2, status,0, btemp+1, pclath, cstack
 Tracked objects:
		On entry : 
		On exit  : 
		Unchanged: 
 Data sizes:     COMMON   BANK0   BANK1   BANK3   BANK2
      Params:         3       0       0       0       0
      Locals:         0       2       0       0       0
      Temps:          0       3       0       0       0
      Totals:         3       5       0       0       0
Total ram usage:        8 bytes
 Hardware stack levels used:    1
 Hardware stack levels required when called:    3
 This function calls:
		_UARTSendChar
 This function is called by:
		_main
 This function uses a non-reentrant model


 *************** function _UARTSendChar *****************
 Defined at:
		line 39 in file "USART.c"
 Parameters:    Size  Location     Type
  c               1    wreg     const unsigned char 
 Auto vars:     Size  Location     Type
  c               1    5[COMMON] const unsigned char 
 Return value:  Size  Location     Type
                  1    wreg      void 
 Registers used:
		wreg
 Tracked objects:
		On entry : 
		On exit  : 
		Unchanged: 
 Data sizes:     COMMON   BANK0   BANK1   BANK3   BANK2
      Params:         0       0       0       0       0
      Locals:         1       0       0       0       0
      Temps:          0       0       0       0       0
      Totals:         1       0       0       0       0
Total ram usage:        1 bytes
 Hardware stack levels used:    1
 Hardware stack levels required when called:    2
 This function calls:
		Nothing
 This function is called by:
		_UARTSendString
 This function uses a non-reentrant model


 *************** function _UARTReadChar *****************
 Defined at:
		line 68 in file "USART.c"
 Parameters:    Size  Location     Type
		None
 Auto vars:     Size  Location     Type
		None
 Return value:  Size  Location     Type
                  1    wreg      unsigned char 
 Registers used:
		wreg, status,2, status,0, pclath, cstack
 Tracked objects:
		On entry : 
		On exit  : 
		Unchanged: 
 Data sizes:     COMMON   BANK0   BANK1   BANK3   BANK2
      Params:         0       0       0       0       0
      Locals:         0       0       0       0       0
      Temps:          0       0       0       0       0
      Totals:         0       0       0       0       0
Total ram usage:        0 bytes
 Hardware stack levels used:    1
 Hardware stack levels required when called:    3
 This function calls:
		_UARTDataReady
 This function is called by:
		_main
		_UARTReadString
 This function uses a non-reentrant model


 *************** function _UARTDataReady *****************
 Defined at:
		line 60 in file "USART.c"
 Parameters:    Size  Location     Type
		None
 Auto vars:     Size  Location     Type
		None
 Return value:  Size  Location     Type
                  1    wreg      unsigned char 
 Registers used:
		wreg, status,2, status,0
 Tracked objects:
		On entry : 
		On exit  : 
		Unchanged: 
 Data sizes:     COMMON   BANK0   BANK1   BANK3   BANK2
      Params:         0       0       0       0       0
      Locals:         0       0       0       0       0
      Temps:          1       0       0       0       0
      Totals:         1       0       0       0       0
Total ram usage:        1 bytes
 Hardware stack levels used:    1
 Hardware stack levels required when called:    2
 This function calls:
		Nothing
 This function is called by:
		_main
		_UARTReadChar
 This function uses a non-reentrant model


 *************** function _UARTInit *****************
 Defined at:
		line 8 in file "USART.c"
 Parameters:    Size  Location     Type
  baud_rate       4   13[BANK0 ] const unsigned long 
  BRGH            1   17[BANK0 ] const unsigned char 
 Auto vars:     Size  Location     Type
		None
 Return value:  Size  Location     Type
                  1    wreg      void 
 Registers used:
		wreg, status,2, status,0, pclath, cstack
 Tracked objects:
		On entry : 
		On exit  : 
		Unchanged: 
 Data sizes:     COMMON   BANK0   BANK1   BANK3   BANK2
      Params:         0       5       0       0       0
      Locals:         0       0       0       0       0
      Temps:          0       4       0       0       0
      Totals:         0       9       0       0       0
Total ram usage:        9 bytes
 Hardware stack levels used:    1
 Hardware stack levels required when called:    3
 This function calls:
		___lldiv
 This function is called by:
		_main
 This function uses a non-reentrant model


 *************** function ___lldiv *****************
 Defined at:
		line 5 in file "C:\Program Files\Microchip\xc8\v2.31\pic\sources\c90\common\__lldiv.c"
 Parameters:    Size  Location     Type
  divisor         4    0[BANK0 ] unsigned long 
  dividend        4    4[BANK0 ] unsigned long 
 Auto vars:     Size  Location     Type
  quotient        4    8[BANK0 ] unsigned long 
  counter         1   12[BANK0 ] unsigned char 
 Return value:  Size  Location     Type
                  4    0[BANK0 ] unsigned long 
 Registers used:
		wreg, status,2, status,0
 Tracked objects:
		On entry : 
		On exit  : 
		Unchanged: 
 Data sizes:     COMMON   BANK0   BANK1   BANK3   BANK2
      Params:         0       8       0       0       0
      Locals:         0       5       0       0       0
      Temps:          1       0       0       0       0
      Totals:         1      13       0       0       0
Total ram usage:       14 bytes
 Hardware stack levels used:    1
 Hardware stack levels required when called:    2
 This function calls:
		Nothing
 This function is called by:
		_UARTInit
 This function uses a non-reentrant model


 *************** function _LcdWriteString *****************
 Defined at:
		line 64 in file "LCD.c"
 Parameters:    Size  Location     Type
  value           2    0[BANK0 ] PTR const unsigned char 
		 -> intToString@valor(4), analogToString@string(5), STR_4(3), STR_2(3), 
		 -> STR_1(16), 
 Auto vars:     Size  Location     Type
  i               2    5[BANK0 ] int 
 Return value:  Size  Location     Type
                  1    wreg      void 
 Registers used:
		wreg, fsr0l, fsr0h, status,2, status,0, btemp+1, pclath, cstack
 Tracked objects:
		On entry : 
		On exit  : 
		Unchanged: 
 Data sizes:     COMMON   BANK0   BANK1   BANK3   BANK2
      Params:         0       2       0       0       0
      Locals:         0       2       0       0       0
      Temps:          0       3       0       0       0
      Totals:         0       7       0       0       0
Total ram usage:        7 bytes
 Hardware stack levels used:    1
 Hardware stack levels required when called:    4
 This function calls:
		_LcdWriteChar
 This function is called by:
		_main
 This function uses a non-reentrant model


 *************** function _LcdWriteChar *****************
 Defined at:
		line 56 in file "LCD.c"
 Parameters:    Size  Location     Type
  value           1    wreg     unsigned char 
 Auto vars:     Size  Location     Type
  value           1    8[COMMON] unsigned char 
 Return value:  Size  Location     Type
                  1    wreg      void 
 Registers used:
		wreg, status,2, status,0, pclath, cstack
 Tracked objects:
		On entry : 
		On exit  : 
		Unchanged: 
 Data sizes:     COMMON   BANK0   BANK1   BANK3   BANK2
      Params:         0       0       0       0       0
      Locals:         1       0       0       0       0
      Temps:          1       0       0       0       0
      Totals:         2       0       0       0       0
Total ram usage:        2 bytes
 Hardware stack levels used:    1
 Hardware stack levels required when called:    3
 This function calls:
		_LcdPort
 This function is called by:
		_LcdWriteString
 This function uses a non-reentrant model


 *************** function _LcdSetCursor *****************
 Defined at:
		line 29 in file "LCD.c"
 Parameters:    Size  Location     Type
  row             1    wreg     unsigned char 
  column          1    1[BANK0 ] unsigned char 
 Auto vars:     Size  Location     Type
  row             1    4[BANK0 ] unsigned char 
 Return value:  Size  Location     Type
                  1    wreg      void 
 Registers used:
		wreg, fsr0l, fsr0h, status,2, status,0, pclath, cstack
 Tracked objects:
		On entry : 
		On exit  : 
		Unchanged: 
 Data sizes:     COMMON   BANK0   BANK1   BANK3   BANK2
      Params:         0       1       0       0       0
      Locals:         0       1       0       0       0
      Temps:          0       2       0       0       0
      Totals:         0       4       0       0       0
Total ram usage:        4 bytes
 Hardware stack levels used:    1
 Hardware stack levels required when called:    4
 This function calls:
		_LcdCmd
 This function is called by:
		_main
 This function uses a non-reentrant model


 *************** function _LcdInit *****************
 Defined at:
		line 41 in file "LCD.c"
 Parameters:    Size  Location     Type
		None
 Auto vars:     Size  Location     Type
		None
 Return value:  Size  Location     Type
                  1    wreg      void 
 Registers used:
		wreg, status,2, status,0, pclath, cstack
 Tracked objects:
		On entry : 
		On exit  : 
		Unchanged: 
 Data sizes:     COMMON   BANK0   BANK1   BANK3   BANK2
      Params:         0       0       0       0       0
      Locals:         0       0       0       0       0
      Temps:          0       2       0       0       0
      Totals:         0       2       0       0       0
Total ram usage:        2 bytes
 Hardware stack levels used:    1
 Hardware stack levels required when called:    4
 This function calls:
		_LcdCmd
		_LcdPort
 This function is called by:
		_main
 This function uses a non-reentrant model


 *************** function _LcdCmd *****************
 Defined at:
		line 16 in file "LCD.c"
 Parameters:    Size  Location     Type
  value           1    wreg     unsigned char 
 Auto vars:     Size  Location     Type
  value           1    0[BANK0 ] unsigned char 
 Return value:  Size  Location     Type
                  1    wreg      void 
 Registers used:
		wreg, status,2, status,0, pclath, cstack
 Tracked objects:
		On entry : 
		On exit  : 
		Unchanged: 
 Data sizes:     COMMON   BANK0   BANK1   BANK3   BANK2
      Params:         0       0       0       0       0
      Locals:         0       1       0       0       0
      Temps:          2       0       0       0       0
      Totals:         2       1       0       0       0
Total ram usage:        3 bytes
 Hardware stack levels used:    1
 Hardware stack levels required when called:    3
 This function calls:
		_LcdPort
 This function is called by:
		_LcdSetCursor
		_LcdInit
		_LcdClear
		_LcdShiftRight
		_LcdShiftLeft
 This function uses a non-reentrant model


 *************** function _LcdPort *****************
 Defined at:
		line 3 in file "LCD.c"
 Parameters:    Size  Location     Type
  value           1    wreg     unsigned char 
 Auto vars:     Size  Location     Type
  value           1    6[COMMON] unsigned char 
 Return value:  Size  Location     Type
                  1    wreg      void 
 Registers used:
		wreg, status,2, status,0
 Tracked objects:
		On entry : 
		On exit  : 
		Unchanged: 
 Data sizes:     COMMON   BANK0   BANK1   BANK3   BANK2
      Params:         0       0       0       0       0
      Locals:         1       0       0       0       0
      Temps:          1       0       0       0       0
      Totals:         2       0       0       0       0
Total ram usage:        2 bytes
 Hardware stack levels used:    1
 Hardware stack levels required when called:    2
 This function calls:
		Nothing
 This function is called by:
		_LcdCmd
		_LcdInit
		_LcdWriteChar
 This function uses a non-reentrant model


 *************** function _isr *****************
 Defined at:
		line 138 in file "main.c"
 Parameters:    Size  Location     Type
		None
 Auto vars:     Size  Location     Type
		None
 Return value:  Size  Location     Type
                  1    wreg      void 
 Registers used:
		wreg, fsr0l, fsr0h, status,2, status,0, pclath, cstack
 Tracked objects:
		On entry : 
		On exit  : 
		Unchanged: 
 Data sizes:     COMMON   BANK0   BANK1   BANK3   BANK2
      Params:         0       0       0       0       0
      Locals:         0       0       0       0       0
      Temps:          3       0       0       0       0
      Totals:         3       0       0       0       0
Total ram usage:        3 bytes
 Hardware stack levels used:    1
 Hardware stack levels required when called:    1
 This function calls:
		_isrADC
 This function is called by:
		Interrupt level 1
 This function uses a non-reentrant model


 *************** function _isrADC *****************
 Defined at:
		line 57 in file "ADC.c"
 Parameters:    Size  Location     Type
		None
 Auto vars:     Size  Location     Type
		None
 Return value:  Size  Location     Type
                  1    wreg      void 
 Registers used:
		wreg, fsr0l, fsr0h, status,2, status,0
 Tracked objects:
		On entry : 
		On exit  : 
		Unchanged: 
 Data sizes:     COMMON   BANK0   BANK1   BANK3   BANK2
      Params:         0       0       0       0       0
      Locals:         0       0       0       0       0
      Temps:          2       0       0       0       0
      Totals:         2       0       0       0       0
Total ram usage:        2 bytes
 Hardware stack levels used:    1
 This function calls:
		Nothing
 This function is called by:
		_isr
 This function uses a non-reentrant model



MODULE INFORMATION

Module		Function		Class		Link	Load	Size
USART.c
		_UARTSendString		CODE           	0B89	0000	87
		_UARTDataReady 		CODE           	09D6	0000	7
		_UARTInit      		CODE           	0D6A	0000	115
		_UARTReadChar  		CODE           	09F7	0000	14
		_UARTSendChar  		CODE           	09DD	0000	12

USART.c estimated size: 235

C:\Program Files\Microchip\xc8\v2.31\pic\sources\c90\common\sprcmul.c
		___flmul       		CODE           	0023	0000	865

C:\Program Files\Microchip\xc8\v2.31\pic\sources\c90\common\sprcmul.c estimated size: 865

C:\Program Files\Microchip\xc8\v2.31\pic\sources\c90\common\__lldiv.c
		___lldiv       		CODE           	0C99	0000	104

C:\Program Files\Microchip\xc8\v2.31\pic\sources\c90\common\__lldiv.c estimated size: 104

C:\Program Files\Microchip\xc8\v2.31\pic\sources\c90\common\Umul8_16.c
		__Umul8_16     		CODE           	0ACF	0000	41

C:\Program Files\Microchip\xc8\v2.31\pic\sources\c90\common\Umul8_16.c estimated size: 41

C:\Program Files\Microchip\xc8\v2.31\pic\sources\c90\common\awmod.c
		___awmod       		CODE           	0BE0	0000	91

C:\Program Files\Microchip\xc8\v2.31\pic\sources\c90\common\awmod.c estimated size: 91

C:\Program Files\Microchip\xc8\v2.31\pic\sources\c90\common\sprcadd.c
		___flsub       		CODE           	0A86	0000	36
		___fladd       		CODE           	0384	0000	656

C:\Program Files\Microchip\xc8\v2.31\pic\sources\c90\common\sprcadd.c estimated size: 692

C:\Program Files\Microchip\xc8\v2.31\pic\sources\c90\common\awdiv.c
		___awdiv       		CODE           	0D01	0000	105

C:\Program Files\Microchip\xc8\v2.31\pic\sources\c90\common\awdiv.c estimated size: 105

shared
		__stringtab    		STRING         	0800	0000	16
		__initialization		CODE           	0011	0000	14

shared estimated size: 30

C:\Program Files\Microchip\xc8\v2.31\pic\sources\c90\common\fltol.c
		___fltol       		CODE           	0DDD	0000	124

C:\Program Files\Microchip\xc8\v2.31\pic\sources\c90\common\fltol.c estimated size: 124

C:\Program Files\Microchip\xc8\v2.31\pic\sources\c90\common\xxtofl.c
		___xxtofl      		CODE           	0740	0000	188

C:\Program Files\Microchip\xc8\v2.31\pic\sources\c90\common\xxtofl.c estimated size: 188

ADC.c
		_initADC       		CODE           	0A05	0000	18
		_readADC       		CODE           	0A54	0000	24
		_isrADC        		CODE           	0A17	0000	19

ADC.c estimated size: 61

C:\Program Files\Microchip\xc8\v2.31\pic\sources\c90\common\Umul8.c
		___bmul        		CODE           	0A3F	0000	21

C:\Program Files\Microchip\xc8\v2.31\pic\sources\c90\common\Umul8.c estimated size: 21

main.c
		_intToString   		CODE           	0C3B	0000	94
		_main          		CODE           	0EE3	0000	285
		_analogToString		CODE           	0614	0000	300
		_isr           		CODE           	09E9	0000	14

main.c estimated size: 693

LCD.c
		_LcdCmd        		CODE           	0A6C	0000	26
		_LcdPort       		CODE           	0E59	0000	138
		_LcdWriteChar  		CODE           	0A2A	0000	21
		_LcdInit       		CODE           	0B3E	0000	75
		_LcdWriteString		CODE           	0AF8	0000	70
		_LcdSetCursor  		CODE           	0AAA	0000	37

LCD.c estimated size: 367

