Microchip MPLAB XC8 Compiler V2.31

Linker command line:

-W-3 --edf=C:\Program Files\Microchip\xc8\v2.31\pic\dat\en_msgs.txt -cn \
  -h+dist/default/production\Lab03M.X.production.sym \
  --cmf=dist/default/production\Lab03M.X.production.cmf -z -Q16F887 \
  -oC:\Users\vaneg\AppData\Local\Temp\s3f8.2 --defsym=__MPLAB_BUILD=1 \
  -Mdist/default/production/Lab03M.X.production.map -E1 -ver=XC8 Compiler \
  --acfsm=1493 -ASTACK=0110h-016Fh -pstack=STACK -ACODE=00h-07FFhx4 \
  -ASTRCODE=00h-01FFFh -ASTRING=00h-0FFhx32 -ACONST=00h-0FFhx32 \
  -AENTRY=00h-0FFhx32 -ACOMMON=070h-07Fh -ABANK0=020h-06Fh \
  -ABANK1=0A0h-0EFh -ABANK2=0110h-016Fh -ABANK3=0190h-01EFh \
  -ARAM=020h-06Fh,0A0h-0EFh,0110h-016Fh,0190h-01EFh \
  -AABS1=020h-07Fh,0A0h-0EFh,0110h-016Fh,0190h-01EFh -ASFR0=00h-01Fh \
  -ASFR1=080h-09Fh -ASFR2=0100h-010Fh -ASFR3=0180h-018Fh \
  -ACONFIG=02007h-02008h -DCONFIG=2 -AIDLOC=02000h-02003h -DIDLOC=2 \
  -AEEDATA=00h-0FFh/02100h -peeprom_data=EEDATA -DEEDATA=2 -DCODE=2 \
  -DSTRCODE=2 -DSTRING=2 -DCONST=2 -DENTRY=2 \
  -preset_vec=00h,intentry=04h,init,end_init -ppowerup=CODE -pcinit=CODE \
  -pfunctab=ENTRY -k C:\Users\vaneg\AppData\Local\Temp\s3f8.o \
  dist/default/production\Lab03M.X.production.o 

Object code version is 3.11

Machine type is 16F887



                Name                               Link     Load   Length Selector   Space Scale
C:\Users\vaneg\AppData\Local\Temp\s3f8.o
                end_init                              E        E        3        8       0
                reset_vec                             0        0        3        0       0
                config                             2007     2007        2        0       4
dist/default/production\Lab03M.X.production.o
                cinit                                11       11        F        8       0
                intentry                              4        4        A        8       0
                config                             2007     2007        2        0       4
                text19                              F07      F07       27     1E0E       0
                text18                              71E      71E       68        8       0
                text17                              6AB      6AB       73        8       0
                text16                              EE9      EE9        C     1DD2       0
                text15                              786      786       57        8       0
                text14                              F55      F55       29     1EAA       0
                text13                               20       20      361        8       0
                text12                              62F      62F       7C        8       0
                text11                              FBA      FBA       46     1F74       0
                text10                              F7E      F7E       3C     1EFC       0
                text9                               F2E      F2E       27     1E5C       0
                text8                               452      452       BC        8       0
                text7                               50E      50E       9E        8       0
                text6                               EF5      EF5       12     1DEA       0
                text5                               5AC      5AC       83        8       0
                text4                               7DD      7DD       1E        8       0
                text3                               ED9      ED9        7     1DB2       0
                text2                               EE0      EE0        9     1DC0       0
                text1                               ED3      ED3        6     1DA6       0
                maintext                            381      381       D1        8       0
                cstackBANK0                          20       20       40       20       1
                cstackCOMMON                         70       70        6       70       1
                bssBANK0                             60       60        5       20       1
                bssCOMMON                            76       76        4       70       1
                strings                             800      800       25     1000       0

TOTAL           Name                               Link     Load   Length     Space
        CLASS   STACK          

        CLASS   CODE           
                end_init                              E        E        3         0
                cinit                                11       11        F         0
                intentry                              4        4        A         0
                reset_vec                             0        0        3         0
                text19                              F07      F07       27         0
                text18                              71E      71E       68         0
                text17                              6AB      6AB       73         0
                text16                              EE9      EE9        C         0
                text15                              786      786       57         0
                text14                              F55      F55       29         0
                text13                               20       20      361         0
                text12                              62F      62F       7C         0
                text11                              FBA      FBA       46         0
                text10                              F7E      F7E       3C         0
                text9                               F2E      F2E       27         0
                text8                               452      452       BC         0
                text7                               50E      50E       9E         0
                text6                               EF5      EF5       12         0
                text5                               5AC      5AC       83         0
                text4                               7DD      7DD       1E         0
                text3                               ED9      ED9        7         0
                text2                               EE0      EE0        9         0
                text1                               ED3      ED3        6         0
                maintext                            381      381       D1         0

        CLASS   STRCODE        

        CLASS   STRING         
                strings                             800      800       25         0

        CLASS   CONST          

        CLASS   ENTRY          

        CLASS   COMMON         
                cstackCOMMON                         70       70        6         1
                bssCOMMON                            76       76        4         1

        CLASS   BANK0          
                cstackBANK0                          20       20       40         1
                bssBANK0                             60       60        5         1

        CLASS   BANK1          

        CLASS   BANK2          

        CLASS   BANK3          

        CLASS   RAM            

        CLASS   ABS1           
                abs_s1                               7E       7E        2         1

        CLASS   SFR0           

        CLASS   SFR1           

        CLASS   SFR2           

        CLASS   SFR3           

        CLASS   CONFIG         
                config                             2007     2007        2         4

        CLASS   IDLOC          

        CLASS   EEDATA         



SEGMENTS        Name                           Load    Length   Top    Selector   Space  Class     Delta

                reset_vec                      000000  000003  000003         0       0  CODE        2
                intentry                       000004  0007F7  0007FB         8       0  CODE        2
                cstackBANK0                    000020  000045  000065        20       1  BANK0       1
                cstackCOMMON                   000070  00000A  00007A        70       1  COMMON      1
                strings                        000800  000025  000825      1000       0  STRING      2
                text1                          000ED3  000006  000ED9      1DA6       0  CODE        2
                text3                          000ED9  000007  000EE0      1DB2       0  CODE        2
                text2                          000EE0  000009  000EE9      1DC0       0  CODE        2
                text16                         000EE9  00000C  000EF5      1DD2       0  CODE        2
                text6                          000EF5  000012  000F07      1DEA       0  CODE        2
                text19                         000F07  000027  000F2E      1E0E       0  CODE        2
                text9                          000F2E  000027  000F55      1E5C       0  CODE        2
                text14                         000F55  000029  000F7E      1EAA       0  CODE        2
                text10                         000F7E  00003C  000FBA      1EFC       0  CODE        2
                text11                         000FBA  000046  001000      1F74       0  CODE        2


UNUSED ADDRESS RANGES

        Name                Unused          Largest block    Delta
        BANK0            0065-006F              B           1
        BANK1            00A0-00EF             50           1
        BANK2            0110-016F             60           1
        BANK3            0190-01EF             60           1
        CODE             0003-0003              1           2
                         07FB-07FF              5
                         0825-0ED2            6AE
                         1000-1FFF            800
        COMMON           007A-007D              4           1
        CONST            0003-0003              1           2
                         07FB-07FF              5
                         0825-0ED2            100
                         1000-1FFF            100
        EEDATA           2100-21FF            100           2
        ENTRY            0003-0003              1           2
                         07FB-07FF              5
                         0825-0ED2            100
                         1000-1FFF            100
        IDLOC            2000-2003              4           2
        RAM              0065-006F              B           1
                         00A0-00EF             50
                         0110-016F             60
                         0190-01EF             60
        SFR0             0000-001F             20           1
        SFR1             0080-009F             20           1
        SFR2             0100-010F             10           1
        SFR3             0180-018F             10           1
        STACK            0110-016F             60           1
        STRCODE          0003-0003              1           2
                         07FB-07FF              5
                         0825-0ED2            6AE
                         1000-1FFF           1000
        STRING           0003-0003              1           2
                         07FB-07FF              5
                         0825-0ED2            100
                         1000-1FFF            100

                                  Symbol Table

?__Umul8_16               cstackCOMMON 0074
?___flmul                 cstackBANK0  002E
?___fltol                 cstackBANK0  0048
?___lldiv                 cstackBANK0  0020
?___lwdiv                 cstackBANK0  0020
?___lwmod                 cstackBANK0  0020
?___wmul                  cstackBANK0  0020
?___xxtofl                cstackBANK0  0020
?_atoi                    cstackBANK0  0024
UARTInit@BRGH             cstackBANK0  0031
UARTInit@baud_rate        cstackBANK0  002D
UARTSendChar@c            cstackCOMMON 0074
UARTSendString@i          cstackBANK0  0026
UARTSendString@max_length cstackBANK0  0022
UARTSendString@str        cstackBANK0  0020
_ANSEL                    (abs)        0188
_ANSELH                   (abs)        0189
_INTCONbits               (abs)        000B
_PIE1bits                 (abs)        008C
_PIR1bits                 (abs)        000C
_PORTA                    (abs)        0005
_RCREG                    (abs)        001A
_RCSTAbits                (abs)        0018
_SPBRG                    (abs)        0099
_SSPBUF                   (abs)        0013
_SSPCON                   (abs)        0014
_SSPSTAT                  (abs)        0094
_SSPSTATbits              (abs)        0094
_TRISA                    (abs)        0085
_TRISC3                   (abs)        043B
_TRISC5                   (abs)        043D
_TRISCbits                (abs)        0087
_TXREG                    (abs)        0019
_TXSTAbits                (abs)        0098
_UARTInit                 text17       06AB
_UARTSendChar             text16       0EE9
_UARTSendString           text15       0786
__Habs1                   abs1         0000
__Hbank0                  bank0        0000
__Hbank1                  bank1        0000
__Hbank2                  bank2        0000
__Hbank3                  bank3        0000
__HbssBANK0               bssBANK0     0000
__HbssCOMMON              bssCOMMON    0000
__Hcinit                  cinit        0020
__Hclrtext                clrtext      0000
__Hcode                   code         0000
__Hcommon                 common       0000
__Hconfig                 config       2009
__HcstackBANK0            cstackBANK0  0000
__HcstackCOMMON           cstackCOMMON 0000
__Heeprom_data            eeprom_data  0000
__Hend_init               end_init     0011
__Hfunctab                functab      0000
__Hinit                   init         000E
__Hintentry               intentry     000E
__Hmaintext               maintext     0000
__Hpowerup                powerup      0000
__Hram                    ram          0000
__Hreset_vec              reset_vec    0003
__Hsfr0                   sfr0         0000
__Hsfr1                   sfr1         0000
__Hsfr2                   sfr2         0000
__Hsfr3                   sfr3         0000
__Hspace_0                (abs)        1000
__Hspace_1                (abs)        007A
__Hspace_2                (abs)        0000
__Hspace_3                (abs)        0000
__Hspace_4                (abs)        4010
__Hstack                  stack        0000
__Hstrings                strings      0000
__Htext                   text         0000
__Labs1                   abs1         0000
__Lbank0                  bank0        0000
__Lbank1                  bank1        0000
__Lbank2                  bank2        0000
__Lbank3                  bank3        0000
__LbssBANK0               bssBANK0     0000
__LbssCOMMON              bssCOMMON    0000
__Lcinit                  cinit        0011
__Lclrtext                clrtext      0000
__Lcode                   code         0000
__Lcommon                 common       0000
__Lconfig                 config       0000
__LcstackBANK0            cstackBANK0  0000
__LcstackCOMMON           cstackCOMMON 0000
__Leeprom_data            eeprom_data  0000
__Lend_init               end_init     000E
__Lfunctab                functab      0000
__Linit                   init         000E
__Lintentry               intentry     0004
__Lmaintext               maintext     0000
__Lpowerup                powerup      0000
__Lram                    ram          0000
__Lreset_vec              reset_vec    0000
__Lsfr0                   sfr0         0000
__Lsfr1                   sfr1         0000
__Lsfr2                   sfr2         0000
__Lsfr3                   sfr3         0000
__Lspace_0                (abs)        0000
__Lspace_1                (abs)        0000
__Lspace_2                (abs)        0000
__Lspace_3                (abs)        0000
__Lspace_4                (abs)        0000
__Lstack                  stack        0000
__Lstrings                strings      0000
__Ltext                   text         0000
__S0                      (abs)        1000
__S1                      (abs)        007A
__S2                      (abs)        0000
__S3                      (abs)        0000
__Umul8_16                text14       0F55
__Umul8_16@multiplicand   cstackCOMMON 0074
__Umul8_16@multiplier     cstackBANK0  0026
__Umul8_16@product        cstackBANK0  0022
__Umul8_16@word_mpld      cstackBANK0  0024
___flmul                  text13       0020
___flmul@a                cstackBANK0  0032
___flmul@aexp             cstackBANK0  003C
___flmul@b                cstackBANK0  002E
___flmul@bexp             cstackBANK0  0041
___flmul@grs              cstackBANK0  003D
___flmul@prod             cstackBANK0  0042
___flmul@sign             cstackBANK0  003B
___flmul@temp             cstackBANK0  0046
___fltol                  text12       062F
___fltol@exp1             cstackBANK0  0052
___fltol@f1               cstackBANK0  0048
___fltol@sign1            cstackBANK0  0051
___int_sp                 stack        0000
___latbits                (abs)        0002
___lldiv                  text18       071E
___lldiv@counter          cstackBANK0  002C
___lldiv@dividend         cstackBANK0  0024
___lldiv@divisor          cstackBANK0  0020
___lldiv@quotient         cstackBANK0  0028
___lwdiv                  text11       0FBA
___lwdiv@counter          cstackBANK0  0024
___lwdiv@dividend         cstackBANK0  0022
___lwdiv@divisor          cstackBANK0  0020
___lwdiv@quotient         cstackBANK0  0025
___lwmod                  text10       0F7E
___lwmod@counter          cstackCOMMON 0075
___lwmod@dividend         cstackBANK0  0022
___lwmod@divisor          cstackBANK0  0020
___sp                     stack        0000
___stackhi                (abs)        0000
___stacklo                (abs)        0000
___wmul                   text9        0F2E
___wmul@multiplicand      cstackBANK0  0022
___wmul@multiplier        cstackBANK0  0020
___wmul@product           cstackCOMMON 0074
___xxtofl                 text8        0452
___xxtofl@arg             cstackBANK0  002A
___xxtofl@exp             cstackBANK0  0029
___xxtofl@sign            cstackBANK0  0028
___xxtofl@val             cstackBANK0  0020
__end_of_UARTInit         text17       071E
__end_of_UARTSendChar     text16       0EF5
__end_of_UARTSendString   text15       07DD
__end_of__Umul8_16        text14       0F7E
__end_of___flmul          text13       0381
__end_of___fltol          text12       06AB
__end_of___lldiv          text18       0786
__end_of___lwdiv          text11       1000
__end_of___lwmod          text10       0FBA
__end_of___wmul           text9        0F55
__end_of___xxtofl         text8        050E
__end_of__initialization  cinit        001C
__end_of__stringtab       strings      0810
__end_of_adcToString      text7        05AC
__end_of_atoi             text5        062F
__end_of_isdigit          text6        0F07
__end_of_isr              text19       0F2E
__end_of_main             maintext     0452
__end_of_spiInit          text4        07FB
__end_of_spiRead          text2        0EE9
__end_of_spiReceiveWait   text3        0EE0
__end_of_spiWrite         text1        0ED9
__initialization          cinit        0011
__pbssBANK0               bssBANK0     0060
__pbssCOMMON              bssCOMMON    0076
__pcstackBANK0            cstackBANK0  0020
__pcstackCOMMON           cstackCOMMON 0070
__pintentry               intentry     0004
__pmaintext               maintext     0381
__pstrings                strings      0800
__ptext1                  text1        0ED3
__ptext10                 text10       0F7E
__ptext11                 text11       0FBA
__ptext12                 text12       062F
__ptext13                 text13       0020
__ptext14                 text14       0F55
__ptext15                 text15       0786
__ptext16                 text16       0EE9
__ptext17                 text17       06AB
__ptext18                 text18       071E
__ptext19                 text19       0F07
__ptext2                  text2        0EE0
__ptext3                  text3        0ED9
__ptext4                  text4        07DD
__ptext5                  text5        05AC
__ptext6                  text6        0EF5
__ptext7                  text7        050E
__ptext8                  text8        0452
__ptext9                  text9        0F2E
__size_of_UARTInit        (abs)        0000
__size_of_UARTSendChar    (abs)        0000
__size_of_UARTSendString  (abs)        0000
__size_of__Umul8_16       (abs)        0000
__size_of___flmul         (abs)        0000
__size_of___fltol         (abs)        0000
__size_of___lldiv         (abs)        0000
__size_of___lwdiv         (abs)        0000
__size_of___lwmod         (abs)        0000
__size_of___wmul          (abs)        0000
__size_of___xxtofl        (abs)        0000
__size_of_adcToString     (abs)        0000
__size_of_atoi            (abs)        0000
__size_of_isdigit         (abs)        0000
__size_of_isr             (abs)        0000
__size_of_main            (abs)        0000
__size_of_spiInit         (abs)        0000
__size_of_spiRead         (abs)        0000
__size_of_spiReceiveWait  (abs)        0000
__size_of_spiWrite        (abs)        0000
__stringbase              strings      080F
__stringtab               strings      0800
_adcToString              text7        050E
_atoi                     text5        05AC
_auxiliar                 bssCOMMON    0076
_cadenaADC                bssCOMMON    0078
_caracteres               bssBANK0     0061
_contador                 bssBANK0     0060
_isdigit                  text6        0EF5
_isdigit$909              cstackCOMMON 0074
_isr                      text19       0F07
_main                     maintext     0381
_spiInit                  text4        07DD
_spiRead                  text2        0EE0
_spiReceiveWait           text3        0ED9
_spiWrite                 text1        0ED3
_valueADC                 bssCOMMON    0079
_valueADC2                bssCOMMON    0077
adcToString@digito        cstackBANK0  005B
adcToString@salida        cstackBANK0  0056
adcToString@value         cstackBANK0  0053
atoi@a                    cstackBANK0  0029
atoi@s                    cstackBANK0  002B
atoi@sign                 cstackBANK0  0028
btemp                     (abs)        007E
end_of_initialization     cinit        001C
interrupt_function        intentry     0004
intlevel0                 functab      0000
intlevel1                 functab      0000
intlevel2                 functab      0000
intlevel3                 functab      0000
intlevel4                 functab      0000
intlevel5                 functab      0000
isdigit@c                 cstackCOMMON 0075
reset_vec                 reset_vec    0000
saved_w                   (abs)        007E
spiInit@sClockIdle        cstackBANK0  0021
spiInit@sDataSample       cstackBANK0  0020
spiInit@sTransmitEdge     cstackBANK0  0022
spiInit@sType             cstackCOMMON 0074
spiWrite@dat              cstackCOMMON 0074
start                     init         000E
start_initialization      cinit        0011
wtemp0                    (abs)        007E


FUNCTION INFORMATION:

 *************** function _main *****************
 Defined at:
		line 65 in file "mainM.c"
 Parameters:    Size  Location     Type
		None
 Auto vars:     Size  Location     Type
		None
 Return value:  Size  Location     Type
                  2  141[None  ] int 
 Registers used:
		wreg, fsr0l, fsr0h, status,2, status,0, btemp+1, pclath, cstack
 Tracked objects:
		On entry : 
		On exit  : 
		Unchanged: 
 Data sizes:     COMMON   BANK0   BANK1   BANK3   BANK2
      Params:         0       0       0       0       0
      Locals:         0       0       0       0       0
      Temps:          0       3       0       0       0
      Totals:         0       3       0       0       0
Total ram usage:        3 bytes
 Hardware stack levels required when called:    4
 This function calls:
		_UARTInit
		_UARTSendString
		_adcToString
		_atoi
		_spiInit
		_spiRead
		_spiWrite
 This function is called by:
		Startup code after reset
 This function uses a non-reentrant model


 *************** function _spiWrite *****************
 Defined at:
		line 34 in file "spi.c"
 Parameters:    Size  Location     Type
  dat             1    wreg     unsigned char 
 Auto vars:     Size  Location     Type
  dat             1    4[COMMON] unsigned char 
 Return value:  Size  Location     Type
                  1    wreg      void 
 Registers used:
		wreg
 Tracked objects:
		On entry : 
		On exit  : 
		Unchanged: 
 Data sizes:     COMMON   BANK0   BANK1   BANK3   BANK2
      Params:         0       0       0       0       0
      Locals:         1       0       0       0       0
      Temps:          0       0       0       0       0
      Totals:         1       0       0       0       0
Total ram usage:        1 bytes
 Hardware stack levels used:    1
 Hardware stack levels required when called:    1
 This function calls:
		Nothing
 This function is called by:
		_main
 This function uses a non-reentrant model


 *************** function _spiRead *****************
 Defined at:
		line 47 in file "spi.c"
 Parameters:    Size  Location     Type
		None
 Auto vars:     Size  Location     Type
		None
 Return value:  Size  Location     Type
                  1    wreg      unsigned char 
 Registers used:
		wreg, status,2, status,0, pclath, cstack
 Tracked objects:
		On entry : 
		On exit  : 
		Unchanged: 
 Data sizes:     COMMON   BANK0   BANK1   BANK3   BANK2
      Params:         0       0       0       0       0
      Locals:         0       0       0       0       0
      Temps:          0       0       0       0       0
      Totals:         0       0       0       0       0
Total ram usage:        0 bytes
 Hardware stack levels used:    1
 Hardware stack levels required when called:    2
 This function calls:
		_spiReceiveWait
 This function is called by:
		_main
 This function uses a non-reentrant model


 *************** function _spiReceiveWait *****************
 Defined at:
		line 29 in file "spi.c"
 Parameters:    Size  Location     Type
		None
 Auto vars:     Size  Location     Type
		None
 Return value:  Size  Location     Type
                  1    wreg      void 
 Registers used:
		None
 Tracked objects:
		On entry : 
		On exit  : 
		Unchanged: 
 Data sizes:     COMMON   BANK0   BANK1   BANK3   BANK2
      Params:         0       0       0       0       0
      Locals:         0       0       0       0       0
      Temps:          0       0       0       0       0
      Totals:         0       0       0       0       0
Total ram usage:        0 bytes
 Hardware stack levels used:    1
 Hardware stack levels required when called:    1
 This function calls:
		Nothing
 This function is called by:
		_spiRead
 This function uses a non-reentrant model


 *************** function _spiInit *****************
 Defined at:
		line 12 in file "spi.c"
 Parameters:    Size  Location     Type
  sType           1    wreg     enum E1264
  sDataSample     1    0[BANK0 ] enum E1272
  sClockIdle      1    1[BANK0 ] enum E1276
  sTransmitEdg    1    2[BANK0 ] enum E1280
 Auto vars:     Size  Location     Type
  sType           1    4[COMMON] enum E1264
 Return value:  Size  Location     Type
                  1    wreg      void 
 Registers used:
		wreg, status,2, status,0
 Tracked objects:
		On entry : 
		On exit  : 
		Unchanged: 
 Data sizes:     COMMON   BANK0   BANK1   BANK3   BANK2
      Params:         0       3       0       0       0
      Locals:         1       0       0       0       0
      Temps:          0       0       0       0       0
      Totals:         1       3       0       0       0
Total ram usage:        4 bytes
 Hardware stack levels used:    1
 Hardware stack levels required when called:    1
 This function calls:
		Nothing
 This function is called by:
		_main
 This function uses a non-reentrant model


 *************** function _atoi *****************
 Defined at:
		line 5 in file "C:\Program Files\Microchip\xc8\v2.31\pic\sources\c90\common\atoi.c"
 Parameters:    Size  Location     Type
  s               1    wreg     PTR const unsigned char 
		 -> caracteres(4), 
 Auto vars:     Size  Location     Type
  s               1   11[BANK0 ] PTR const unsigned char 
		 -> caracteres(4), 
  a               2    9[BANK0 ] int 
  sign            1    8[BANK0 ] unsigned char 
 Return value:  Size  Location     Type
                  2    4[BANK0 ] int 
 Registers used:
		wreg, fsr0l, fsr0h, status,2, status,0, pclath, cstack
 Tracked objects:
		On entry : 
		On exit  : 
		Unchanged: 
 Data sizes:     COMMON   BANK0   BANK1   BANK3   BANK2
      Params:         0       2       0       0       0
      Locals:         0       4       0       0       0
      Temps:          0       2       0       0       0
      Totals:         0       8       0       0       0
Total ram usage:        8 bytes
 Hardware stack levels used:    1
 Hardware stack levels required when called:    2
 This function calls:
		___wmul
		_isdigit
 This function is called by:
		_main
 This function uses a non-reentrant model


 *************** function _isdigit *****************
 Defined at:
		line 8 in file "C:\Program Files\Microchip\xc8\v2.31\pic\sources\c90\common\isdigit.c"
 Parameters:    Size  Location     Type
  c               1    wreg     unsigned char 
 Auto vars:     Size  Location     Type
  c               1    5[COMMON] unsigned char 
 Return value:  Size  Location     Type
		None               void
 Registers used:
		wreg, status,2, status,0
 Tracked objects:
		On entry : 
		On exit  : 
		Unchanged: 
 Data sizes:     COMMON   BANK0   BANK1   BANK3   BANK2
      Params:         0       0       0       0       0
      Locals:         2       0       0       0       0
      Temps:          0       0       0       0       0
      Totals:         2       0       0       0       0
Total ram usage:        2 bytes
 Hardware stack levels used:    1
 Hardware stack levels required when called:    1
 This function calls:
		Nothing
 This function is called by:
		_atoi
 This function uses a non-reentrant model


 *************** function _adcToString *****************
 Defined at:
		line 111 in file "mainM.c"
 Parameters:    Size  Location     Type
  value           2   51[BANK0 ] unsigned int 
 Auto vars:     Size  Location     Type
  salida          5   54[BANK0 ] unsigned char [5]
  digito          2   59[BANK0 ] unsigned int 
 Return value:  Size  Location     Type
                  1    wreg      PTR unsigned char 
 Registers used:
		wreg, status,2, status,0, btemp+1, pclath, cstack
 Tracked objects:
		On entry : 
		On exit  : 
		Unchanged: 
 Data sizes:     COMMON   BANK0   BANK1   BANK3   BANK2
      Params:         0       2       0       0       0
      Locals:         0       7       0       0       0
      Temps:          0       1       0       0       0
      Totals:         0      10       0       0       0
Total ram usage:       10 bytes
 Hardware stack levels used:    1
 Hardware stack levels required when called:    3
 This function calls:
		___flmul
		___fltol
		___lwdiv
		___lwmod
		___wmul
		___xxtofl
 This function is called by:
		_main
 This function uses a non-reentrant model


 *************** function ___xxtofl *****************
 Defined at:
		line 10 in file "C:\Program Files\Microchip\xc8\v2.31\pic\sources\c90\common\xxtofl.c"
 Parameters:    Size  Location     Type
  sign            1    wreg     unsigned char 
  val             4    0[BANK0 ] long 
 Auto vars:     Size  Location     Type
  sign            1    8[BANK0 ] unsigned char 
  arg             4   10[BANK0 ] unsigned long 
  exp             1    9[BANK0 ] unsigned char 
 Return value:  Size  Location     Type
                  4    0[BANK0 ] unsigned char 
 Registers used:
		wreg, status,2, status,0
 Tracked objects:
		On entry : 
		On exit  : 
		Unchanged: 
 Data sizes:     COMMON   BANK0   BANK1   BANK3   BANK2
      Params:         0       4       0       0       0
      Locals:         0       6       0       0       0
      Temps:          0       4       0       0       0
      Totals:         0      14       0       0       0
Total ram usage:       14 bytes
 Hardware stack levels used:    1
 Hardware stack levels required when called:    1
 This function calls:
		Nothing
 This function is called by:
		_adcToString
 This function uses a non-reentrant model


 *************** function ___wmul *****************
 Defined at:
		line 15 in file "C:\Program Files\Microchip\xc8\v2.31\pic\sources\c90\common\Umul16.c"
 Parameters:    Size  Location     Type
  multiplier      2    0[BANK0 ] unsigned int 
  multiplicand    2    2[BANK0 ] unsigned int 
 Auto vars:     Size  Location     Type
  product         2    4[COMMON] unsigned int 
 Return value:  Size  Location     Type
                  2    0[BANK0 ] unsigned int 
 Registers used:
		wreg, status,2, status,0
 Tracked objects:
		On entry : 
		On exit  : 
		Unchanged: 
 Data sizes:     COMMON   BANK0   BANK1   BANK3   BANK2
      Params:         0       4       0       0       0
      Locals:         2       0       0       0       0
      Temps:          0       0       0       0       0
      Totals:         2       4       0       0       0
Total ram usage:        6 bytes
 Hardware stack levels used:    1
 Hardware stack levels required when called:    1
 This function calls:
		Nothing
 This function is called by:
		_adcToString
		_atoi
 This function uses a non-reentrant model


 *************** function ___lwmod *****************
 Defined at:
		line 5 in file "C:\Program Files\Microchip\xc8\v2.31\pic\sources\c90\common\lwmod.c"
 Parameters:    Size  Location     Type
  divisor         2    0[BANK0 ] unsigned int 
  dividend        2    2[BANK0 ] unsigned int 
 Auto vars:     Size  Location     Type
  counter         1    5[COMMON] unsigned char 
 Return value:  Size  Location     Type
                  2    0[BANK0 ] unsigned int 
 Registers used:
		wreg, status,2, status,0
 Tracked objects:
		On entry : 
		On exit  : 
		Unchanged: 
 Data sizes:     COMMON   BANK0   BANK1   BANK3   BANK2
      Params:         0       4       0       0       0
      Locals:         1       0       0       0       0
      Temps:          1       0       0       0       0
      Totals:         2       4       0       0       0
Total ram usage:        6 bytes
 Hardware stack levels used:    1
 Hardware stack levels required when called:    1
 This function calls:
		Nothing
 This function is called by:
		_adcToString
 This function uses a non-reentrant model


 *************** function ___lwdiv *****************
 Defined at:
		line 5 in file "C:\Program Files\Microchip\xc8\v2.31\pic\sources\c90\common\lwdiv.c"
 Parameters:    Size  Location     Type
  divisor         2    0[BANK0 ] unsigned int 
  dividend        2    2[BANK0 ] unsigned int 
 Auto vars:     Size  Location     Type
  quotient        2    5[BANK0 ] unsigned int 
  counter         1    4[BANK0 ] unsigned char 
 Return value:  Size  Location     Type
                  2    0[BANK0 ] unsigned int 
 Registers used:
		wreg, status,2, status,0
 Tracked objects:
		On entry : 
		On exit  : 
		Unchanged: 
 Data sizes:     COMMON   BANK0   BANK1   BANK3   BANK2
      Params:         0       4       0       0       0
      Locals:         0       3       0       0       0
      Temps:          1       0       0       0       0
      Totals:         1       7       0       0       0
Total ram usage:        8 bytes
 Hardware stack levels used:    1
 Hardware stack levels required when called:    1
 This function calls:
		Nothing
 This function is called by:
		_adcToString
 This function uses a non-reentrant model


 *************** function ___fltol *****************
 Defined at:
		line 43 in file "C:\Program Files\Microchip\xc8\v2.31\pic\sources\c90\common\fltol.c"
 Parameters:    Size  Location     Type
  f1              4   40[BANK0 ] unsigned int 
 Auto vars:     Size  Location     Type
  exp1            1   50[BANK0 ] unsigned char 
  sign1           1   49[BANK0 ] unsigned char 
 Return value:  Size  Location     Type
                  4   40[BANK0 ] long 
 Registers used:
		wreg, status,2, status,0
 Tracked objects:
		On entry : 
		On exit  : 
		Unchanged: 
 Data sizes:     COMMON   BANK0   BANK1   BANK3   BANK2
      Params:         0       4       0       0       0
      Locals:         0       2       0       0       0
      Temps:          0       5       0       0       0
      Totals:         0      11       0       0       0
Total ram usage:       11 bytes
 Hardware stack levels used:    1
 Hardware stack levels required when called:    1
 This function calls:
		Nothing
 This function is called by:
		_adcToString
 This function uses a non-reentrant model


 *************** function ___flmul *****************
 Defined at:
		line 8 in file "C:\Program Files\Microchip\xc8\v2.31\pic\sources\c90\common\sprcmul.c"
 Parameters:    Size  Location     Type
  b               4   14[BANK0 ] long 
  a               4   18[BANK0 ] long 
 Auto vars:     Size  Location     Type
  prod            4   34[BANK0 ] struct .
  grs             4   29[BANK0 ] unsigned long 
  temp            2   38[BANK0 ] struct .
  bexp            1   33[BANK0 ] unsigned char 
  aexp            1   28[BANK0 ] unsigned char 
  sign            1   27[BANK0 ] unsigned char 
 Return value:  Size  Location     Type
                  4   14[BANK0 ] unsigned char 
 Registers used:
		wreg, status,2, status,0, btemp+1, pclath, cstack
 Tracked objects:
		On entry : 
		On exit  : 
		Unchanged: 
 Data sizes:     COMMON   BANK0   BANK1   BANK3   BANK2
      Params:         0       8       0       0       0
      Locals:         0      13       0       0       0
      Temps:          0       5       0       0       0
      Totals:         0      26       0       0       0
Total ram usage:       26 bytes
 Hardware stack levels used:    1
 Hardware stack levels required when called:    2
 This function calls:
		__Umul8_16
 This function is called by:
		_adcToString
 This function uses a non-reentrant model


 *************** function __Umul8_16 *****************
 Defined at:
		line 4 in file "C:\Program Files\Microchip\xc8\v2.31\pic\sources\c90\common\Umul8_16.c"
 Parameters:    Size  Location     Type
  multiplier      1    wreg     unsigned char 
  multiplicand    1    4[COMMON] unsigned char 
 Auto vars:     Size  Location     Type
  multiplier      1    6[BANK0 ] unsigned char 
  word_mpld       2    4[BANK0 ] unsigned int 
  product         2    2[BANK0 ] unsigned int 
 Return value:  Size  Location     Type
                  2    4[COMMON] unsigned int 
 Registers used:
		wreg, status,2, status,0
 Tracked objects:
		On entry : 
		On exit  : 
		Unchanged: 
 Data sizes:     COMMON   BANK0   BANK1   BANK3   BANK2
      Params:         2       0       0       0       0
      Locals:         0       5       0       0       0
      Temps:          0       2       0       0       0
      Totals:         2       7       0       0       0
Total ram usage:        9 bytes
 Hardware stack levels used:    1
 Hardware stack levels required when called:    1
 This function calls:
		Nothing
 This function is called by:
		___flmul
 This function uses a non-reentrant model


 *************** function _UARTSendString *****************
 Defined at:
		line 49 in file "USART.c"
 Parameters:    Size  Location     Type
  str             2    0[BANK0 ] PTR const unsigned char 
		 -> NULL(0), adcToString@salida(5), STR_3(2), STR_2(11), 
		 -> STR_1(8), 
  max_length      1    2[BANK0 ] const unsigned char 
 Auto vars:     Size  Location     Type
  i               2    6[BANK0 ] int 
 Return value:  Size  Location     Type
                  1    wreg      void 
 Registers used:
		wreg, fsr0l, fsr0h, status,2, status,0, btemp+1, pclath, cstack
 Tracked objects:
		On entry : 
		On exit  : 
		Unchanged: 
 Data sizes:     COMMON   BANK0   BANK1   BANK3   BANK2
      Params:         0       3       0       0       0
      Locals:         0       2       0       0       0
      Temps:          0       3       0       0       0
      Totals:         0       8       0       0       0
Total ram usage:        8 bytes
 Hardware stack levels used:    1
 Hardware stack levels required when called:    2
 This function calls:
		_UARTSendChar
 This function is called by:
		_main
 This function uses a non-reentrant model


 *************** function _UARTSendChar *****************
 Defined at:
		line 39 in file "USART.c"
 Parameters:    Size  Location     Type
  c               1    wreg     const unsigned char 
 Auto vars:     Size  Location     Type
  c               1    4[COMMON] const unsigned char 
 Return value:  Size  Location     Type
                  1    wreg      void 
 Registers used:
		wreg
 Tracked objects:
		On entry : 
		On exit  : 
		Unchanged: 
 Data sizes:     COMMON   BANK0   BANK1   BANK3   BANK2
      Params:         0       0       0       0       0
      Locals:         1       0       0       0       0
      Temps:          0       0       0       0       0
      Totals:         1       0       0       0       0
Total ram usage:        1 bytes
 Hardware stack levels used:    1
 Hardware stack levels required when called:    1
 This function calls:
		Nothing
 This function is called by:
		_UARTSendString
 This function uses a non-reentrant model


 *************** function _UARTInit *****************
 Defined at:
		line 8 in file "USART.c"
 Parameters:    Size  Location     Type
  baud_rate       4   13[BANK0 ] const unsigned long 
  BRGH            1   17[BANK0 ] const unsigned char 
 Auto vars:     Size  Location     Type
		None
 Return value:  Size  Location     Type
                  1    wreg      void 
 Registers used:
		wreg, status,2, status,0, pclath, cstack
 Tracked objects:
		On entry : 
		On exit  : 
		Unchanged: 
 Data sizes:     COMMON   BANK0   BANK1   BANK3   BANK2
      Params:         0       5       0       0       0
      Locals:         0       0       0       0       0
      Temps:          0       4       0       0       0
      Totals:         0       9       0       0       0
Total ram usage:        9 bytes
 Hardware stack levels used:    1
 Hardware stack levels required when called:    2
 This function calls:
		___lldiv
 This function is called by:
		_main
 This function uses a non-reentrant model


 *************** function ___lldiv *****************
 Defined at:
		line 5 in file "C:\Program Files\Microchip\xc8\v2.31\pic\sources\c90\common\__lldiv.c"
 Parameters:    Size  Location     Type
  divisor         4    0[BANK0 ] unsigned long 
  dividend        4    4[BANK0 ] unsigned long 
 Auto vars:     Size  Location     Type
  quotient        4    8[BANK0 ] unsigned long 
  counter         1   12[BANK0 ] unsigned char 
 Return value:  Size  Location     Type
                  4    0[BANK0 ] unsigned long 
 Registers used:
		wreg, status,2, status,0
 Tracked objects:
		On entry : 
		On exit  : 
		Unchanged: 
 Data sizes:     COMMON   BANK0   BANK1   BANK3   BANK2
      Params:         0       8       0       0       0
      Locals:         0       5       0       0       0
      Temps:          1       0       0       0       0
      Totals:         1      13       0       0       0
Total ram usage:       14 bytes
 Hardware stack levels used:    1
 Hardware stack levels required when called:    1
 This function calls:
		Nothing
 This function is called by:
		_UARTInit
 This function uses a non-reentrant model


 *************** function _isr *****************
 Defined at:
		line 54 in file "mainM.c"
 Parameters:    Size  Location     Type
		None
 Auto vars:     Size  Location     Type
		None
 Return value:  Size  Location     Type
                  1    wreg      void 
 Registers used:
		wreg, fsr0l, fsr0h, status,2, status,0
 Tracked objects:
		On entry : 
		On exit  : 
		Unchanged: 
 Data sizes:     COMMON   BANK0   BANK1   BANK3   BANK2
      Params:         0       0       0       0       0
      Locals:         0       0       0       0       0
      Temps:          4       0       0       0       0
      Totals:         4       0       0       0       0
Total ram usage:        4 bytes
 Hardware stack levels used:    1
 This function calls:
		Nothing
 This function is called by:
		Interrupt level 1
 This function uses a non-reentrant model



MODULE INFORMATION

Module		Function		Class		Link	Load	Size
USART.c
		_UARTSendString		CODE           	0786	0000	87
		_UARTInit      		CODE           	06AB	0000	115
		_UARTSendChar  		CODE           	0EE9	0000	12

USART.c estimated size: 214

C:\Program Files\Microchip\xc8\v2.31\pic\sources\c90\common\sprcmul.c
		___flmul       		CODE           	0020	0000	865

C:\Program Files\Microchip\xc8\v2.31\pic\sources\c90\common\sprcmul.c estimated size: 865

C:\Program Files\Microchip\xc8\v2.31\pic\sources\c90\common\__lldiv.c
		___lldiv       		CODE           	071E	0000	104

C:\Program Files\Microchip\xc8\v2.31\pic\sources\c90\common\__lldiv.c estimated size: 104

C:\Program Files\Microchip\xc8\v2.31\pic\sources\c90\common\Umul8_16.c
		__Umul8_16     		CODE           	0F55	0000	41

C:\Program Files\Microchip\xc8\v2.31\pic\sources\c90\common\Umul8_16.c estimated size: 41

C:\Program Files\Microchip\xc8\v2.31\pic\sources\c90\common\lwmod.c
		___lwmod       		CODE           	0F7E	0000	60

C:\Program Files\Microchip\xc8\v2.31\pic\sources\c90\common\lwmod.c estimated size: 60

C:\Program Files\Microchip\xc8\v2.31\pic\sources\c90\common\Umul16.c
		___wmul        		CODE           	0F2E	0000	39

C:\Program Files\Microchip\xc8\v2.31\pic\sources\c90\common\Umul16.c estimated size: 39

mainM.c
		_adcToString   		CODE           	050E	0000	158
		_main          		CODE           	0381	0000	209
		_isr           		CODE           	0F07	0000	39

mainM.c estimated size: 406

C:\Program Files\Microchip\xc8\v2.31\pic\sources\c90\common\isdigit.c
		_isdigit       		CODE           	0EF5	0000	18

C:\Program Files\Microchip\xc8\v2.31\pic\sources\c90\common\isdigit.c estimated size: 18

C:\Program Files\Microchip\xc8\v2.31\pic\sources\c90\common\atoi.c
		_atoi          		CODE           	05AC	0000	131

C:\Program Files\Microchip\xc8\v2.31\pic\sources\c90\common\atoi.c estimated size: 131

spi.c
		_spiWrite      		CODE           	0ED3	0000	6
		_spiInit       		CODE           	07DD	0000	30
		_spiReceiveWait		CODE           	0ED9	0000	7
		_spiRead       		CODE           	0EE0	0000	9

spi.c estimated size: 52

C:\Program Files\Microchip\xc8\v2.31\pic\sources\c90\common\lwdiv.c
		___lwdiv       		CODE           	0FBA	0000	70

C:\Program Files\Microchip\xc8\v2.31\pic\sources\c90\common\lwdiv.c estimated size: 70

shared
		__stringtab    		STRING         	0800	0000	16
		__initialization		CODE           	0011	0000	11

shared estimated size: 27

C:\Program Files\Microchip\xc8\v2.31\pic\sources\c90\common\fltol.c
		___fltol       		CODE           	062F	0000	124

C:\Program Files\Microchip\xc8\v2.31\pic\sources\c90\common\fltol.c estimated size: 124

C:\Program Files\Microchip\xc8\v2.31\pic\sources\c90\common\xxtofl.c
		___xxtofl      		CODE           	0452	0000	188

C:\Program Files\Microchip\xc8\v2.31\pic\sources\c90\common\xxtofl.c estimated size: 188

